2025-11-06 15:19:27,912 - mmdet - INFO - Environment info:
------------------------------------------------------------
sys.platform: win32
Python: 3.7.11 (default, Jul 27 2021, 09:42:29) [MSC v.1916 64 bit (AMD64)]
CUDA available: True
GPU 0: NVIDIA GeForce RTX 4070 SUPER
CUDA_HOME: C:\Program Files\NVIDIA GPU Computing Toolkit\CUDA\v11.8
NVCC: Not Available
GCC: n/a
PyTorch: 1.12.0+cu113
PyTorch compiling details: PyTorch built with:
  - C++ Version: 199711
  - MSVC 192829337
  - Intel(R) Math Kernel Library Version 2020.0.2 Product Build 20200624 for Intel(R) 64 architecture applications
  - Intel(R) MKL-DNN v2.6.0 (Git Hash 52b5f107dd9cf10910aaa19cb47f3abf9b349815)
  - OpenMP 2019
  - LAPACK is enabled (usually provided by MKL)
  - CPU capability usage: AVX2
  - CUDA Runtime 11.3
  - NVCC architecture flags: -gencode;arch=compute_37,code=sm_37;-gencode;arch=compute_50,code=sm_50;-gencode;arch=compute_60,code=sm_60;-gencode;arch=compute_61,code=sm_61;-gencode;arch=compute_70,code=sm_70;-gencode;arch=compute_75,code=sm_75;-gencode;arch=compute_80,code=sm_80;-gencode;arch=compute_86,code=sm_86;-gencode;arch=compute_37,code=compute_37
  - CuDNN 8.3.2  (built against CUDA 11.5)
  - Magma 2.5.4
  - Build settings: BLAS_INFO=mkl, BUILD_TYPE=Release, CUDA_VERSION=11.3, CUDNN_VERSION=8.3.2, CXX_COMPILER=C:/actions-runner/_work/pytorch/pytorch/builder/windows/tmp_bin/sccache-cl.exe, CXX_FLAGS=/DWIN32 /D_WINDOWS /GR /EHsc /w /bigobj -DUSE_PTHREADPOOL -openmp:experimental -IC:/actions-runner/_work/pytorch/pytorch/builder/windows/mkl/include -DNDEBUG -DUSE_KINETO -DLIBKINETO_NOCUPTI -DUSE_FBGEMM -DUSE_XNNPACK -DSYMBOLICATE_MOBILE_DEBUG_HANDLE -DEDGE_PROFILER_USE_KINETO, LAPACK_INFO=mkl, PERF_WITH_AVX=1, PERF_WITH_AVX2=1, PERF_WITH_AVX512=1, TORCH_VERSION=1.12.0, USE_CUDA=ON, USE_CUDNN=ON, USE_EXCEPTION_PTR=1, USE_GFLAGS=OFF, USE_GLOG=OFF, USE_MKL=ON, USE_MKLDNN=OFF, USE_MPI=OFF, USE_NCCL=OFF, USE_NNPACK=OFF, USE_OPENMP=ON, USE_ROCM=OFF, 

TorchVision: 0.13.0+cu113
OpenCV: 4.10.0
MMCV: 1.4.0
MMCV Compiler: MSVC 192930154
MMCV CUDA Compiler: 11.8
MMDetection: 2.22.0+
------------------------------------------------------------

2025-11-06 15:19:28,100 - mmdet - INFO - Distributed training: False
2025-11-06 15:19:28,281 - mmdet - INFO - Config:
dataset_type = 'CocoDataset'
classes = ('holothurian', 'echinus', 'scallop', 'starfish')
data_root = 'data/DUO/'
img_norm_cfg = dict(
    mean=[123.675, 116.28, 103.53], std=[58.395, 57.12, 57.375], to_rgb=True)
train_pipeline = [
    dict(type='LoadImageFromFile'),
    dict(type='LoadAnnotations', with_bbox=True),
    dict(
        type='Resize',
        img_scale=[(800, 600), (1280, 960), (1333, 800), (1920, 1080)],
        multiscale_mode='value',
        keep_ratio=True),
    dict(type='RandomFlip', flip_ratio=0.5),
    dict(
        type='Normalize',
        mean=[123.675, 116.28, 103.53],
        std=[58.395, 57.12, 57.375],
        to_rgb=True),
    dict(type='Pad', size_divisor=32),
    dict(type='DefaultFormatBundle'),
    dict(type='Collect', keys=['img', 'gt_bboxes', 'gt_labels'])
]
test_pipeline = [
    dict(type='LoadImageFromFile'),
    dict(
        type='MultiScaleFlipAug',
        img_scale=(1333, 800),
        flip=False,
        transforms=[
            dict(type='Resize', keep_ratio=True),
            dict(type='RandomFlip'),
            dict(
                type='Normalize',
                mean=[123.675, 116.28, 103.53],
                std=[58.395, 57.12, 57.375],
                to_rgb=True),
            dict(type='Pad', size_divisor=32),
            dict(type='ImageToTensor', keys=['img']),
            dict(type='Collect', keys=['img'])
        ])
]
data = dict(
    samples_per_gpu=2,
    workers_per_gpu=4,
    train=dict(
        type='CocoDataset',
        ann_file='data/DUO/annotations/instances_train2017.json',
        img_prefix='data/DUO/train2017/',
        pipeline=[
            dict(type='LoadImageFromFile'),
            dict(type='LoadAnnotations', with_bbox=True),
            dict(
                type='Resize',
                img_scale=[(800, 600), (1280, 960), (1333, 800), (1920, 1080)],
                multiscale_mode='value',
                keep_ratio=True),
            dict(type='RandomFlip', flip_ratio=0.5),
            dict(
                type='Normalize',
                mean=[123.675, 116.28, 103.53],
                std=[58.395, 57.12, 57.375],
                to_rgb=True),
            dict(type='Pad', size_divisor=32),
            dict(type='DefaultFormatBundle'),
            dict(type='Collect', keys=['img', 'gt_bboxes', 'gt_labels'])
        ]),
    val=dict(
        type='CocoDataset',
        ann_file='data/DUO/annotations/instances_val2017.json',
        img_prefix='data/DUO/val2017/',
        pipeline=[
            dict(type='LoadImageFromFile'),
            dict(
                type='MultiScaleFlipAug',
                img_scale=(1333, 800),
                flip=False,
                transforms=[
                    dict(type='Resize', keep_ratio=True),
                    dict(type='RandomFlip'),
                    dict(
                        type='Normalize',
                        mean=[123.675, 116.28, 103.53],
                        std=[58.395, 57.12, 57.375],
                        to_rgb=True),
                    dict(type='Pad', size_divisor=32),
                    dict(type='ImageToTensor', keys=['img']),
                    dict(type='Collect', keys=['img'])
                ])
        ]),
    test=dict(
        type='CocoDataset',
        ann_file='data/DUO/annotations/instances_test2017.json',
        img_prefix='data/DUO/test2017/',
        pipeline=[
            dict(type='LoadImageFromFile'),
            dict(
                type='MultiScaleFlipAug',
                img_scale=(1333, 800),
                flip=False,
                transforms=[
                    dict(type='Resize', keep_ratio=True),
                    dict(type='RandomFlip'),
                    dict(
                        type='Normalize',
                        mean=[123.675, 116.28, 103.53],
                        std=[58.395, 57.12, 57.375],
                        to_rgb=True),
                    dict(type='Pad', size_divisor=32),
                    dict(type='ImageToTensor', keys=['img']),
                    dict(type='Collect', keys=['img'])
                ])
        ]))
evaluation = dict(interval=1, metric='bbox')
optimizer = dict(type='SGD', lr=0.001, momentum=0.9, weight_decay=0.0001)
optimizer_config = dict(grad_clip=None)
lr_config = dict(
    policy='step',
    warmup='linear',
    warmup_iters=500,
    warmup_ratio=0.001,
    step=[24, 30])
runner = dict(type='EpochBasedRunner', max_epochs=35)
checkpoint_config = dict(interval=1)
log_config = dict(interval=50, hooks=[dict(type='TextLoggerHook')])
custom_hooks = [dict(type='NumClassCheckHook')]
dist_params = dict(backend='nccl')
log_level = 'INFO'
load_from = None
resume_from = None
workflow = [('train', 1)]
model = dict(
    type='TOOD',
    backbone=dict(
        type='ResNet',
        depth=50,
        num_stages=4,
        out_indices=(0, 1, 2, 3),
        frozen_stages=1,
        norm_cfg=dict(type='BN', requires_grad=True),
        norm_eval=True,
        style='pytorch',
        init_cfg=dict(type='Pretrained', checkpoint='torchvision://resnet50')),
    neck=dict(
        type='HFCP', in_channels=[256, 512, 1024, 2048], out_channels=256),
    bbox_head=dict(
        type='TOODHead',
        num_classes=4,
        in_channels=256,
        stacked_convs=6,
        feat_channels=256,
        anchor_type='anchor_based',
        anchor_generator=dict(
            type='AnchorGenerator',
            ratios=[1.0],
            octave_base_scale=8,
            scales_per_octave=1,
            strides=[8, 16, 32, 64, 128]),
        bbox_coder=dict(
            type='DeltaXYWHBBoxCoder',
            target_means=[0.0, 0.0, 0.0, 0.0],
            target_stds=[0.1, 0.1, 0.2, 0.2]),
        initial_loss_cls=dict(
            type='FocalLoss',
            use_sigmoid=True,
            activated=True,
            gamma=2.0,
            alpha=0.25,
            loss_weight=1.0),
        loss_cls=dict(
            type='QualityFocalLoss',
            use_sigmoid=True,
            activated=True,
            beta=2.0,
            loss_weight=1.0),
        loss_bbox=dict(type='GIoULoss', loss_weight=2.0)),
    train_cfg=dict(
        initial_epoch=4,
        initial_assigner=dict(type='ATSSAssigner', topk=9),
        assigner=dict(type='TaskAlignedAssigner', topk=13),
        alpha=1,
        beta=6,
        allowed_border=-1,
        pos_weight=-1,
        debug=False),
    test_cfg=dict(
        nms_pre=1000,
        min_bbox_size=0,
        score_thr=0.05,
        nms=dict(type='nms', iou_threshold=0.6),
        max_per_img=100))
work_dir = 'utdac/udmdet_tood_r50_fpn_anchor_based_2x_duo'
gpu_ids = range(0, 1)

2025-11-06 15:19:28,490 - mmdet - INFO - initialize ResNet with init_cfg {'type': 'Pretrained', 'checkpoint': 'torchvision://resnet50'}
Name of parameter - Initialization information

backbone.conv1.weight - torch.Size([64, 3, 7, 7]): 
PretrainedInit: load from torchvision://resnet50 

backbone.bn1.weight - torch.Size([64]): 
PretrainedInit: load from torchvision://resnet50 

backbone.bn1.bias - torch.Size([64]): 
PretrainedInit: load from torchvision://resnet50 

backbone.layer1.0.conv1.weight - torch.Size([64, 64, 1, 1]): 
PretrainedInit: load from torchvision://resnet50 

backbone.layer1.0.bn1.weight - torch.Size([64]): 
PretrainedInit: load from torchvision://resnet50 

backbone.layer1.0.bn1.bias - torch.Size([64]): 
PretrainedInit: load from torchvision://resnet50 

backbone.layer1.0.conv2.weight - torch.Size([64, 64, 3, 3]): 
PretrainedInit: load from torchvision://resnet50 

backbone.layer1.0.bn2.weight - torch.Size([64]): 
PretrainedInit: load from torchvision://resnet50 

backbone.layer1.0.bn2.bias - torch.Size([64]): 
PretrainedInit: load from torchvision://resnet50 

backbone.layer1.0.conv3.weight - torch.Size([256, 64, 1, 1]): 
PretrainedInit: load from torchvision://resnet50 

backbone.layer1.0.bn3.weight - torch.Size([256]): 
PretrainedInit: load from torchvision://resnet50 

backbone.layer1.0.bn3.bias - torch.Size([256]): 
PretrainedInit: load from torchvision://resnet50 

backbone.layer1.0.downsample.0.weight - torch.Size([256, 64, 1, 1]): 
PretrainedInit: load from torchvision://resnet50 

backbone.layer1.0.downsample.1.weight - torch.Size([256]): 
PretrainedInit: load from torchvision://resnet50 

backbone.layer1.0.downsample.1.bias - torch.Size([256]): 
PretrainedInit: load from torchvision://resnet50 

backbone.layer1.1.conv1.weight - torch.Size([64, 256, 1, 1]): 
PretrainedInit: load from torchvision://resnet50 

backbone.layer1.1.bn1.weight - torch.Size([64]): 
PretrainedInit: load from torchvision://resnet50 

backbone.layer1.1.bn1.bias - torch.Size([64]): 
PretrainedInit: load from torchvision://resnet50 

backbone.layer1.1.conv2.weight - torch.Size([64, 64, 3, 3]): 
PretrainedInit: load from torchvision://resnet50 

backbone.layer1.1.bn2.weight - torch.Size([64]): 
PretrainedInit: load from torchvision://resnet50 

backbone.layer1.1.bn2.bias - torch.Size([64]): 
PretrainedInit: load from torchvision://resnet50 

backbone.layer1.1.conv3.weight - torch.Size([256, 64, 1, 1]): 
PretrainedInit: load from torchvision://resnet50 

backbone.layer1.1.bn3.weight - torch.Size([256]): 
PretrainedInit: load from torchvision://resnet50 

backbone.layer1.1.bn3.bias - torch.Size([256]): 
PretrainedInit: load from torchvision://resnet50 

backbone.layer1.2.conv1.weight - torch.Size([64, 256, 1, 1]): 
PretrainedInit: load from torchvision://resnet50 

backbone.layer1.2.bn1.weight - torch.Size([64]): 
PretrainedInit: load from torchvision://resnet50 

backbone.layer1.2.bn1.bias - torch.Size([64]): 
PretrainedInit: load from torchvision://resnet50 

backbone.layer1.2.conv2.weight - torch.Size([64, 64, 3, 3]): 
PretrainedInit: load from torchvision://resnet50 

backbone.layer1.2.bn2.weight - torch.Size([64]): 
PretrainedInit: load from torchvision://resnet50 

backbone.layer1.2.bn2.bias - torch.Size([64]): 
PretrainedInit: load from torchvision://resnet50 

backbone.layer1.2.conv3.weight - torch.Size([256, 64, 1, 1]): 
PretrainedInit: load from torchvision://resnet50 

backbone.layer1.2.bn3.weight - torch.Size([256]): 
PretrainedInit: load from torchvision://resnet50 

backbone.layer1.2.bn3.bias - torch.Size([256]): 
PretrainedInit: load from torchvision://resnet50 

backbone.layer2.0.conv1.weight - torch.Size([128, 256, 1, 1]): 
PretrainedInit: load from torchvision://resnet50 

backbone.layer2.0.bn1.weight - torch.Size([128]): 
PretrainedInit: load from torchvision://resnet50 

backbone.layer2.0.bn1.bias - torch.Size([128]): 
PretrainedInit: load from torchvision://resnet50 

backbone.layer2.0.conv2.weight - torch.Size([128, 128, 3, 3]): 
PretrainedInit: load from torchvision://resnet50 

backbone.layer2.0.bn2.weight - torch.Size([128]): 
PretrainedInit: load from torchvision://resnet50 

backbone.layer2.0.bn2.bias - torch.Size([128]): 
PretrainedInit: load from torchvision://resnet50 

backbone.layer2.0.conv3.weight - torch.Size([512, 128, 1, 1]): 
PretrainedInit: load from torchvision://resnet50 

backbone.layer2.0.bn3.weight - torch.Size([512]): 
PretrainedInit: load from torchvision://resnet50 

backbone.layer2.0.bn3.bias - torch.Size([512]): 
PretrainedInit: load from torchvision://resnet50 

backbone.layer2.0.downsample.0.weight - torch.Size([512, 256, 1, 1]): 
PretrainedInit: load from torchvision://resnet50 

backbone.layer2.0.downsample.1.weight - torch.Size([512]): 
PretrainedInit: load from torchvision://resnet50 

backbone.layer2.0.downsample.1.bias - torch.Size([512]): 
PretrainedInit: load from torchvision://resnet50 

backbone.layer2.1.conv1.weight - torch.Size([128, 512, 1, 1]): 
PretrainedInit: load from torchvision://resnet50 

backbone.layer2.1.bn1.weight - torch.Size([128]): 
PretrainedInit: load from torchvision://resnet50 

backbone.layer2.1.bn1.bias - torch.Size([128]): 
PretrainedInit: load from torchvision://resnet50 

backbone.layer2.1.conv2.weight - torch.Size([128, 128, 3, 3]): 
PretrainedInit: load from torchvision://resnet50 

backbone.layer2.1.bn2.weight - torch.Size([128]): 
PretrainedInit: load from torchvision://resnet50 

backbone.layer2.1.bn2.bias - torch.Size([128]): 
PretrainedInit: load from torchvision://resnet50 

backbone.layer2.1.conv3.weight - torch.Size([512, 128, 1, 1]): 
PretrainedInit: load from torchvision://resnet50 

backbone.layer2.1.bn3.weight - torch.Size([512]): 
PretrainedInit: load from torchvision://resnet50 

backbone.layer2.1.bn3.bias - torch.Size([512]): 
PretrainedInit: load from torchvision://resnet50 

backbone.layer2.2.conv1.weight - torch.Size([128, 512, 1, 1]): 
PretrainedInit: load from torchvision://resnet50 

backbone.layer2.2.bn1.weight - torch.Size([128]): 
PretrainedInit: load from torchvision://resnet50 

backbone.layer2.2.bn1.bias - torch.Size([128]): 
PretrainedInit: load from torchvision://resnet50 

backbone.layer2.2.conv2.weight - torch.Size([128, 128, 3, 3]): 
PretrainedInit: load from torchvision://resnet50 

backbone.layer2.2.bn2.weight - torch.Size([128]): 
PretrainedInit: load from torchvision://resnet50 

backbone.layer2.2.bn2.bias - torch.Size([128]): 
PretrainedInit: load from torchvision://resnet50 

backbone.layer2.2.conv3.weight - torch.Size([512, 128, 1, 1]): 
PretrainedInit: load from torchvision://resnet50 

backbone.layer2.2.bn3.weight - torch.Size([512]): 
PretrainedInit: load from torchvision://resnet50 

backbone.layer2.2.bn3.bias - torch.Size([512]): 
PretrainedInit: load from torchvision://resnet50 

backbone.layer2.3.conv1.weight - torch.Size([128, 512, 1, 1]): 
PretrainedInit: load from torchvision://resnet50 

backbone.layer2.3.bn1.weight - torch.Size([128]): 
PretrainedInit: load from torchvision://resnet50 

backbone.layer2.3.bn1.bias - torch.Size([128]): 
PretrainedInit: load from torchvision://resnet50 

backbone.layer2.3.conv2.weight - torch.Size([128, 128, 3, 3]): 
PretrainedInit: load from torchvision://resnet50 

backbone.layer2.3.bn2.weight - torch.Size([128]): 
PretrainedInit: load from torchvision://resnet50 

backbone.layer2.3.bn2.bias - torch.Size([128]): 
PretrainedInit: load from torchvision://resnet50 

backbone.layer2.3.conv3.weight - torch.Size([512, 128, 1, 1]): 
PretrainedInit: load from torchvision://resnet50 

backbone.layer2.3.bn3.weight - torch.Size([512]): 
PretrainedInit: load from torchvision://resnet50 

backbone.layer2.3.bn3.bias - torch.Size([512]): 
PretrainedInit: load from torchvision://resnet50 

backbone.layer3.0.conv1.weight - torch.Size([256, 512, 1, 1]): 
PretrainedInit: load from torchvision://resnet50 

backbone.layer3.0.bn1.weight - torch.Size([256]): 
PretrainedInit: load from torchvision://resnet50 

backbone.layer3.0.bn1.bias - torch.Size([256]): 
PretrainedInit: load from torchvision://resnet50 

backbone.layer3.0.conv2.weight - torch.Size([256, 256, 3, 3]): 
PretrainedInit: load from torchvision://resnet50 

backbone.layer3.0.bn2.weight - torch.Size([256]): 
PretrainedInit: load from torchvision://resnet50 

backbone.layer3.0.bn2.bias - torch.Size([256]): 
PretrainedInit: load from torchvision://resnet50 

backbone.layer3.0.conv3.weight - torch.Size([1024, 256, 1, 1]): 
PretrainedInit: load from torchvision://resnet50 

backbone.layer3.0.bn3.weight - torch.Size([1024]): 
PretrainedInit: load from torchvision://resnet50 

backbone.layer3.0.bn3.bias - torch.Size([1024]): 
PretrainedInit: load from torchvision://resnet50 

backbone.layer3.0.downsample.0.weight - torch.Size([1024, 512, 1, 1]): 
PretrainedInit: load from torchvision://resnet50 

backbone.layer3.0.downsample.1.weight - torch.Size([1024]): 
PretrainedInit: load from torchvision://resnet50 

backbone.layer3.0.downsample.1.bias - torch.Size([1024]): 
PretrainedInit: load from torchvision://resnet50 

backbone.layer3.1.conv1.weight - torch.Size([256, 1024, 1, 1]): 
PretrainedInit: load from torchvision://resnet50 

backbone.layer3.1.bn1.weight - torch.Size([256]): 
PretrainedInit: load from torchvision://resnet50 

backbone.layer3.1.bn1.bias - torch.Size([256]): 
PretrainedInit: load from torchvision://resnet50 

backbone.layer3.1.conv2.weight - torch.Size([256, 256, 3, 3]): 
PretrainedInit: load from torchvision://resnet50 

backbone.layer3.1.bn2.weight - torch.Size([256]): 
PretrainedInit: load from torchvision://resnet50 

backbone.layer3.1.bn2.bias - torch.Size([256]): 
PretrainedInit: load from torchvision://resnet50 

backbone.layer3.1.conv3.weight - torch.Size([1024, 256, 1, 1]): 
PretrainedInit: load from torchvision://resnet50 

backbone.layer3.1.bn3.weight - torch.Size([1024]): 
PretrainedInit: load from torchvision://resnet50 

backbone.layer3.1.bn3.bias - torch.Size([1024]): 
PretrainedInit: load from torchvision://resnet50 

backbone.layer3.2.conv1.weight - torch.Size([256, 1024, 1, 1]): 
PretrainedInit: load from torchvision://resnet50 

backbone.layer3.2.bn1.weight - torch.Size([256]): 
PretrainedInit: load from torchvision://resnet50 

backbone.layer3.2.bn1.bias - torch.Size([256]): 
PretrainedInit: load from torchvision://resnet50 

backbone.layer3.2.conv2.weight - torch.Size([256, 256, 3, 3]): 
PretrainedInit: load from torchvision://resnet50 

backbone.layer3.2.bn2.weight - torch.Size([256]): 
PretrainedInit: load from torchvision://resnet50 

backbone.layer3.2.bn2.bias - torch.Size([256]): 
PretrainedInit: load from torchvision://resnet50 

backbone.layer3.2.conv3.weight - torch.Size([1024, 256, 1, 1]): 
PretrainedInit: load from torchvision://resnet50 

backbone.layer3.2.bn3.weight - torch.Size([1024]): 
PretrainedInit: load from torchvision://resnet50 

backbone.layer3.2.bn3.bias - torch.Size([1024]): 
PretrainedInit: load from torchvision://resnet50 

backbone.layer3.3.conv1.weight - torch.Size([256, 1024, 1, 1]): 
PretrainedInit: load from torchvision://resnet50 

backbone.layer3.3.bn1.weight - torch.Size([256]): 
PretrainedInit: load from torchvision://resnet50 

backbone.layer3.3.bn1.bias - torch.Size([256]): 
PretrainedInit: load from torchvision://resnet50 

backbone.layer3.3.conv2.weight - torch.Size([256, 256, 3, 3]): 
PretrainedInit: load from torchvision://resnet50 

backbone.layer3.3.bn2.weight - torch.Size([256]): 
PretrainedInit: load from torchvision://resnet50 

backbone.layer3.3.bn2.bias - torch.Size([256]): 
PretrainedInit: load from torchvision://resnet50 

backbone.layer3.3.conv3.weight - torch.Size([1024, 256, 1, 1]): 
PretrainedInit: load from torchvision://resnet50 

backbone.layer3.3.bn3.weight - torch.Size([1024]): 
PretrainedInit: load from torchvision://resnet50 

backbone.layer3.3.bn3.bias - torch.Size([1024]): 
PretrainedInit: load from torchvision://resnet50 

backbone.layer3.4.conv1.weight - torch.Size([256, 1024, 1, 1]): 
PretrainedInit: load from torchvision://resnet50 

backbone.layer3.4.bn1.weight - torch.Size([256]): 
PretrainedInit: load from torchvision://resnet50 

backbone.layer3.4.bn1.bias - torch.Size([256]): 
PretrainedInit: load from torchvision://resnet50 

backbone.layer3.4.conv2.weight - torch.Size([256, 256, 3, 3]): 
PretrainedInit: load from torchvision://resnet50 

backbone.layer3.4.bn2.weight - torch.Size([256]): 
PretrainedInit: load from torchvision://resnet50 

backbone.layer3.4.bn2.bias - torch.Size([256]): 
PretrainedInit: load from torchvision://resnet50 

backbone.layer3.4.conv3.weight - torch.Size([1024, 256, 1, 1]): 
PretrainedInit: load from torchvision://resnet50 

backbone.layer3.4.bn3.weight - torch.Size([1024]): 
PretrainedInit: load from torchvision://resnet50 

backbone.layer3.4.bn3.bias - torch.Size([1024]): 
PretrainedInit: load from torchvision://resnet50 

backbone.layer3.5.conv1.weight - torch.Size([256, 1024, 1, 1]): 
PretrainedInit: load from torchvision://resnet50 

backbone.layer3.5.bn1.weight - torch.Size([256]): 
PretrainedInit: load from torchvision://resnet50 

backbone.layer3.5.bn1.bias - torch.Size([256]): 
PretrainedInit: load from torchvision://resnet50 

backbone.layer3.5.conv2.weight - torch.Size([256, 256, 3, 3]): 
PretrainedInit: load from torchvision://resnet50 

backbone.layer3.5.bn2.weight - torch.Size([256]): 
PretrainedInit: load from torchvision://resnet50 

backbone.layer3.5.bn2.bias - torch.Size([256]): 
PretrainedInit: load from torchvision://resnet50 

backbone.layer3.5.conv3.weight - torch.Size([1024, 256, 1, 1]): 
PretrainedInit: load from torchvision://resnet50 

backbone.layer3.5.bn3.weight - torch.Size([1024]): 
PretrainedInit: load from torchvision://resnet50 

backbone.layer3.5.bn3.bias - torch.Size([1024]): 
PretrainedInit: load from torchvision://resnet50 

backbone.layer4.0.conv1.weight - torch.Size([512, 1024, 1, 1]): 
PretrainedInit: load from torchvision://resnet50 

backbone.layer4.0.bn1.weight - torch.Size([512]): 
PretrainedInit: load from torchvision://resnet50 

backbone.layer4.0.bn1.bias - torch.Size([512]): 
PretrainedInit: load from torchvision://resnet50 

backbone.layer4.0.conv2.weight - torch.Size([512, 512, 3, 3]): 
PretrainedInit: load from torchvision://resnet50 

backbone.layer4.0.bn2.weight - torch.Size([512]): 
PretrainedInit: load from torchvision://resnet50 

backbone.layer4.0.bn2.bias - torch.Size([512]): 
PretrainedInit: load from torchvision://resnet50 

backbone.layer4.0.conv3.weight - torch.Size([2048, 512, 1, 1]): 
PretrainedInit: load from torchvision://resnet50 

backbone.layer4.0.bn3.weight - torch.Size([2048]): 
PretrainedInit: load from torchvision://resnet50 

backbone.layer4.0.bn3.bias - torch.Size([2048]): 
PretrainedInit: load from torchvision://resnet50 

backbone.layer4.0.downsample.0.weight - torch.Size([2048, 1024, 1, 1]): 
PretrainedInit: load from torchvision://resnet50 

backbone.layer4.0.downsample.1.weight - torch.Size([2048]): 
PretrainedInit: load from torchvision://resnet50 

backbone.layer4.0.downsample.1.bias - torch.Size([2048]): 
PretrainedInit: load from torchvision://resnet50 

backbone.layer4.1.conv1.weight - torch.Size([512, 2048, 1, 1]): 
PretrainedInit: load from torchvision://resnet50 

backbone.layer4.1.bn1.weight - torch.Size([512]): 
PretrainedInit: load from torchvision://resnet50 

backbone.layer4.1.bn1.bias - torch.Size([512]): 
PretrainedInit: load from torchvision://resnet50 

backbone.layer4.1.conv2.weight - torch.Size([512, 512, 3, 3]): 
PretrainedInit: load from torchvision://resnet50 

backbone.layer4.1.bn2.weight - torch.Size([512]): 
PretrainedInit: load from torchvision://resnet50 

backbone.layer4.1.bn2.bias - torch.Size([512]): 
PretrainedInit: load from torchvision://resnet50 

backbone.layer4.1.conv3.weight - torch.Size([2048, 512, 1, 1]): 
PretrainedInit: load from torchvision://resnet50 

backbone.layer4.1.bn3.weight - torch.Size([2048]): 
PretrainedInit: load from torchvision://resnet50 

backbone.layer4.1.bn3.bias - torch.Size([2048]): 
PretrainedInit: load from torchvision://resnet50 

backbone.layer4.2.conv1.weight - torch.Size([512, 2048, 1, 1]): 
PretrainedInit: load from torchvision://resnet50 

backbone.layer4.2.bn1.weight - torch.Size([512]): 
PretrainedInit: load from torchvision://resnet50 

backbone.layer4.2.bn1.bias - torch.Size([512]): 
PretrainedInit: load from torchvision://resnet50 

backbone.layer4.2.conv2.weight - torch.Size([512, 512, 3, 3]): 
PretrainedInit: load from torchvision://resnet50 

backbone.layer4.2.bn2.weight - torch.Size([512]): 
PretrainedInit: load from torchvision://resnet50 

backbone.layer4.2.bn2.bias - torch.Size([512]): 
PretrainedInit: load from torchvision://resnet50 

backbone.layer4.2.conv3.weight - torch.Size([2048, 512, 1, 1]): 
PretrainedInit: load from torchvision://resnet50 

backbone.layer4.2.bn3.weight - torch.Size([2048]): 
PretrainedInit: load from torchvision://resnet50 

backbone.layer4.2.bn3.bias - torch.Size([2048]): 
PretrainedInit: load from torchvision://resnet50 

neck.positioning_p6.cab.gamma - torch.Size([1]): 
The value is the same before and after calling `init_weights` of TOOD  

neck.positioning_p6.scale_attention.gamma - torch.Size([1]): 
The value is the same before and after calling `init_weights` of TOOD  

neck.positioning_p6.scale_attention.conv1.weight - torch.Size([512, 512, 1, 1]): 
The value is the same before and after calling `init_weights` of TOOD  

neck.positioning_p6.scale_attention.conv1.bias - torch.Size([512]): 
The value is the same before and after calling `init_weights` of TOOD  

neck.positioning_p6.scale_attention.conv2.weight - torch.Size([512, 512, 3, 3]): 
The value is the same before and after calling `init_weights` of TOOD  

neck.positioning_p6.scale_attention.conv2.bias - torch.Size([512]): 
The value is the same before and after calling `init_weights` of TOOD  

neck.positioning_p6.scale_attention.conv3.weight - torch.Size([512, 512, 5, 5]): 
The value is the same before and after calling `init_weights` of TOOD  

neck.positioning_p6.scale_attention.conv3.bias - torch.Size([512]): 
The value is the same before and after calling `init_weights` of TOOD  

neck.positioning_p6.sab.gamma - torch.Size([1]): 
The value is the same before and after calling `init_weights` of TOOD  

neck.positioning_p6.sab.query_conv.weight - torch.Size([64, 512, 1, 1]): 
The value is the same before and after calling `init_weights` of TOOD  

neck.positioning_p6.sab.query_conv.bias - torch.Size([64]): 
The value is the same before and after calling `init_weights` of TOOD  

neck.positioning_p6.sab.key_conv.weight - torch.Size([64, 512, 1, 1]): 
The value is the same before and after calling `init_weights` of TOOD  

neck.positioning_p6.sab.key_conv.bias - torch.Size([64]): 
The value is the same before and after calling `init_weights` of TOOD  

neck.positioning_p6.sab.value_conv.weight - torch.Size([512, 512, 1, 1]): 
The value is the same before and after calling `init_weights` of TOOD  

neck.positioning_p6.sab.value_conv.bias - torch.Size([512]): 
The value is the same before and after calling `init_weights` of TOOD  

neck.P6_1.0.weight - torch.Size([512, 2048, 3, 3]): 
The value is the same before and after calling `init_weights` of TOOD  

neck.P6_1.0.bias - torch.Size([512]): 
The value is the same before and after calling `init_weights` of TOOD  

neck.P6_1.1.weight - torch.Size([512]): 
The value is the same before and after calling `init_weights` of TOOD  

neck.P6_1.1.bias - torch.Size([512]): 
The value is the same before and after calling `init_weights` of TOOD  

neck.cgca_p6.beta - torch.Size([2, 2]): 
The value is the same before and after calling `init_weights` of TOOD  

neck.P6_2.weight - torch.Size([256, 512, 3, 3]): 
The value is the same before and after calling `init_weights` of TOOD  

neck.P6_2.bias - torch.Size([256]): 
The value is the same before and after calling `init_weights` of TOOD  

neck.P7_1.1.weight - torch.Size([256, 512, 3, 3]): 
The value is the same before and after calling `init_weights` of TOOD  

neck.P7_1.1.bias - torch.Size([256]): 
The value is the same before and after calling `init_weights` of TOOD  

neck.P5_1.0.weight - torch.Size([512, 2048, 3, 3]): 
The value is the same before and after calling `init_weights` of TOOD  

neck.P5_1.0.bias - torch.Size([512]): 
The value is the same before and after calling `init_weights` of TOOD  

neck.P5_1.1.weight - torch.Size([512]): 
The value is the same before and after calling `init_weights` of TOOD  

neck.P5_1.1.bias - torch.Size([512]): 
The value is the same before and after calling `init_weights` of TOOD  

neck.cgca_p5.beta - torch.Size([2, 2]): 
The value is the same before and after calling `init_weights` of TOOD  

neck.focus3.alpha - torch.Size([1]): 
The value is the same before and after calling `init_weights` of TOOD  

neck.focus3.beta - torch.Size([1]): 
The value is the same before and after calling `init_weights` of TOOD  

neck.focus3.high_feature.0.weight - torch.Size([512, 512, 3, 3]): 
The value is the same before and after calling `init_weights` of TOOD  

neck.focus3.high_feature.0.bias - torch.Size([512]): 
The value is the same before and after calling `init_weights` of TOOD  

neck.focus3.high_feature.1.weight - torch.Size([512]): 
The value is the same before and after calling `init_weights` of TOOD  

neck.focus3.high_feature.1.bias - torch.Size([512]): 
The value is the same before and after calling `init_weights` of TOOD  

neck.focus3.sa.conv.weight - torch.Size([1, 2, 7, 7]): 
The value is the same before and after calling `init_weights` of TOOD  

neck.focus3.sa.conv.bias - torch.Size([1]): 
The value is the same before and after calling `init_weights` of TOOD  

neck.focus3.gn1.weight - torch.Size([512]): 
The value is the same before and after calling `init_weights` of TOOD  

neck.focus3.gn1.bias - torch.Size([512]): 
The value is the same before and after calling `init_weights` of TOOD  

neck.focus3.gn2.weight - torch.Size([512]): 
The value is the same before and after calling `init_weights` of TOOD  

neck.focus3.gn2.bias - torch.Size([512]): 
The value is the same before and after calling `init_weights` of TOOD  

neck.P5_2.weight - torch.Size([256, 512, 3, 3]): 
The value is the same before and after calling `init_weights` of TOOD  

neck.P5_2.bias - torch.Size([256]): 
The value is the same before and after calling `init_weights` of TOOD  

neck.P4_1.0.weight - torch.Size([256, 1024, 3, 3]): 
The value is the same before and after calling `init_weights` of TOOD  

neck.P4_1.0.bias - torch.Size([256]): 
The value is the same before and after calling `init_weights` of TOOD  

neck.P4_1.1.weight - torch.Size([256]): 
The value is the same before and after calling `init_weights` of TOOD  

neck.P4_1.1.bias - torch.Size([256]): 
The value is the same before and after calling `init_weights` of TOOD  

neck.cgca_p4.beta - torch.Size([2, 2]): 
The value is the same before and after calling `init_weights` of TOOD  

neck.focus2.alpha - torch.Size([1]): 
The value is the same before and after calling `init_weights` of TOOD  

neck.focus2.beta - torch.Size([1]): 
The value is the same before and after calling `init_weights` of TOOD  

neck.focus2.high_feature.0.weight - torch.Size([256, 512, 3, 3]): 
The value is the same before and after calling `init_weights` of TOOD  

neck.focus2.high_feature.0.bias - torch.Size([256]): 
The value is the same before and after calling `init_weights` of TOOD  

neck.focus2.high_feature.1.weight - torch.Size([256]): 
The value is the same before and after calling `init_weights` of TOOD  

neck.focus2.high_feature.1.bias - torch.Size([256]): 
The value is the same before and after calling `init_weights` of TOOD  

neck.focus2.sa.conv.weight - torch.Size([1, 2, 7, 7]): 
The value is the same before and after calling `init_weights` of TOOD  

neck.focus2.sa.conv.bias - torch.Size([1]): 
The value is the same before and after calling `init_weights` of TOOD  

neck.focus2.gn1.weight - torch.Size([256]): 
The value is the same before and after calling `init_weights` of TOOD  

neck.focus2.gn1.bias - torch.Size([256]): 
The value is the same before and after calling `init_weights` of TOOD  

neck.focus2.gn2.weight - torch.Size([256]): 
The value is the same before and after calling `init_weights` of TOOD  

neck.focus2.gn2.bias - torch.Size([256]): 
The value is the same before and after calling `init_weights` of TOOD  

neck.P4_2.weight - torch.Size([256, 256, 3, 3]): 
The value is the same before and after calling `init_weights` of TOOD  

neck.P4_2.bias - torch.Size([256]): 
The value is the same before and after calling `init_weights` of TOOD  

neck.P3_1.0.weight - torch.Size([128, 512, 3, 3]): 
The value is the same before and after calling `init_weights` of TOOD  

neck.P3_1.0.bias - torch.Size([128]): 
The value is the same before and after calling `init_weights` of TOOD  

neck.P3_1.1.weight - torch.Size([128]): 
The value is the same before and after calling `init_weights` of TOOD  

neck.P3_1.1.bias - torch.Size([128]): 
The value is the same before and after calling `init_weights` of TOOD  

neck.cgca_p3.beta - torch.Size([2, 2]): 
The value is the same before and after calling `init_weights` of TOOD  

neck.focus1.alpha - torch.Size([1]): 
The value is the same before and after calling `init_weights` of TOOD  

neck.focus1.beta - torch.Size([1]): 
The value is the same before and after calling `init_weights` of TOOD  

neck.focus1.high_feature.0.weight - torch.Size([128, 256, 3, 3]): 
The value is the same before and after calling `init_weights` of TOOD  

neck.focus1.high_feature.0.bias - torch.Size([128]): 
The value is the same before and after calling `init_weights` of TOOD  

neck.focus1.high_feature.1.weight - torch.Size([128]): 
The value is the same before and after calling `init_weights` of TOOD  

neck.focus1.high_feature.1.bias - torch.Size([128]): 
The value is the same before and after calling `init_weights` of TOOD  

neck.focus1.sa.conv.weight - torch.Size([1, 2, 7, 7]): 
The value is the same before and after calling `init_weights` of TOOD  

neck.focus1.sa.conv.bias - torch.Size([1]): 
The value is the same before and after calling `init_weights` of TOOD  

neck.focus1.gn1.weight - torch.Size([128]): 
The value is the same before and after calling `init_weights` of TOOD  

neck.focus1.gn1.bias - torch.Size([128]): 
The value is the same before and after calling `init_weights` of TOOD  

neck.focus1.gn2.weight - torch.Size([128]): 
The value is the same before and after calling `init_weights` of TOOD  

neck.focus1.gn2.bias - torch.Size([128]): 
The value is the same before and after calling `init_weights` of TOOD  

neck.P3_2.weight - torch.Size([256, 128, 3, 3]): 
The value is the same before and after calling `init_weights` of TOOD  

neck.P3_2.bias - torch.Size([256]): 
The value is the same before and after calling `init_weights` of TOOD  

neck.R6.weight - torch.Size([256, 256, 3, 3]): 
The value is the same before and after calling `init_weights` of TOOD  

neck.R6.bias - torch.Size([256]): 
The value is the same before and after calling `init_weights` of TOOD  

neck.R5.weight - torch.Size([256, 256, 3, 3]): 
The value is the same before and after calling `init_weights` of TOOD  

neck.R5.bias - torch.Size([256]): 
The value is the same before and after calling `init_weights` of TOOD  

neck.R4.weight - torch.Size([256, 256, 3, 3]): 
The value is the same before and after calling `init_weights` of TOOD  

neck.R4.bias - torch.Size([256]): 
The value is the same before and after calling `init_weights` of TOOD  

neck.R3.weight - torch.Size([256, 256, 3, 3]): 
The value is the same before and after calling `init_weights` of TOOD  

neck.R3.bias - torch.Size([256]): 
The value is the same before and after calling `init_weights` of TOOD  

neck.pam_p6.alpha - torch.Size([1]): 
The value is the same before and after calling `init_weights` of TOOD  

neck.pam_p6.reduce.weight - torch.Size([128, 512, 1, 1]): 
The value is the same before and after calling `init_weights` of TOOD  

neck.pam_p6.expand.weight - torch.Size([512, 128, 1, 1]): 
The value is the same before and after calling `init_weights` of TOOD  

neck.pam_p6.lcn.weight - torch.Size([512]): 
The value is the same before and after calling `init_weights` of TOOD  

neck.pam_p6.lcn.bias - torch.Size([512]): 
The value is the same before and after calling `init_weights` of TOOD  

neck.pam_p6.sa.conv.weight - torch.Size([1, 2, 3, 3]): 
The value is the same before and after calling `init_weights` of TOOD  

neck.pam_p6.sa.conv.bias - torch.Size([1]): 
The value is the same before and after calling `init_weights` of TOOD  

neck.pam_p5.alpha - torch.Size([1]): 
The value is the same before and after calling `init_weights` of TOOD  

neck.pam_p5.reduce.weight - torch.Size([128, 512, 1, 1]): 
The value is the same before and after calling `init_weights` of TOOD  

neck.pam_p5.expand.weight - torch.Size([512, 128, 1, 1]): 
The value is the same before and after calling `init_weights` of TOOD  

neck.pam_p5.lcn.weight - torch.Size([512]): 
The value is the same before and after calling `init_weights` of TOOD  

neck.pam_p5.lcn.bias - torch.Size([512]): 
The value is the same before and after calling `init_weights` of TOOD  

neck.pam_p5.sa.conv.weight - torch.Size([1, 2, 3, 3]): 
The value is the same before and after calling `init_weights` of TOOD  

neck.pam_p5.sa.conv.bias - torch.Size([1]): 
The value is the same before and after calling `init_weights` of TOOD  

neck.pam_p4.alpha - torch.Size([1]): 
The value is the same before and after calling `init_weights` of TOOD  

neck.pam_p4.reduce.weight - torch.Size([64, 256, 1, 1]): 
The value is the same before and after calling `init_weights` of TOOD  

neck.pam_p4.expand.weight - torch.Size([256, 64, 1, 1]): 
The value is the same before and after calling `init_weights` of TOOD  

neck.pam_p4.lcn.weight - torch.Size([256]): 
The value is the same before and after calling `init_weights` of TOOD  

neck.pam_p4.lcn.bias - torch.Size([256]): 
The value is the same before and after calling `init_weights` of TOOD  

neck.pam_p4.sa.conv.weight - torch.Size([1, 2, 3, 3]): 
The value is the same before and after calling `init_weights` of TOOD  

neck.pam_p4.sa.conv.bias - torch.Size([1]): 
The value is the same before and after calling `init_weights` of TOOD  

bbox_head.inter_convs.0.conv.weight - torch.Size([256, 256, 3, 3]): 
Initialized by user-defined `init_weights` in TOODHead  

bbox_head.inter_convs.0.gn.weight - torch.Size([256]): 
The value is the same before and after calling `init_weights` of TOOD  

bbox_head.inter_convs.0.gn.bias - torch.Size([256]): 
The value is the same before and after calling `init_weights` of TOOD  

bbox_head.inter_convs.1.conv.weight - torch.Size([256, 256, 3, 3]): 
Initialized by user-defined `init_weights` in TOODHead  

bbox_head.inter_convs.1.gn.weight - torch.Size([256]): 
The value is the same before and after calling `init_weights` of TOOD  

bbox_head.inter_convs.1.gn.bias - torch.Size([256]): 
The value is the same before and after calling `init_weights` of TOOD  

bbox_head.inter_convs.2.conv.weight - torch.Size([256, 256, 3, 3]): 
Initialized by user-defined `init_weights` in TOODHead  

bbox_head.inter_convs.2.gn.weight - torch.Size([256]): 
The value is the same before and after calling `init_weights` of TOOD  

bbox_head.inter_convs.2.gn.bias - torch.Size([256]): 
The value is the same before and after calling `init_weights` of TOOD  

bbox_head.inter_convs.3.conv.weight - torch.Size([256, 256, 3, 3]): 
Initialized by user-defined `init_weights` in TOODHead  

bbox_head.inter_convs.3.gn.weight - torch.Size([256]): 
The value is the same before and after calling `init_weights` of TOOD  

bbox_head.inter_convs.3.gn.bias - torch.Size([256]): 
The value is the same before and after calling `init_weights` of TOOD  

bbox_head.inter_convs.4.conv.weight - torch.Size([256, 256, 3, 3]): 
Initialized by user-defined `init_weights` in TOODHead  

bbox_head.inter_convs.4.gn.weight - torch.Size([256]): 
The value is the same before and after calling `init_weights` of TOOD  

bbox_head.inter_convs.4.gn.bias - torch.Size([256]): 
The value is the same before and after calling `init_weights` of TOOD  

bbox_head.inter_convs.5.conv.weight - torch.Size([256, 256, 3, 3]): 
Initialized by user-defined `init_weights` in TOODHead  

bbox_head.inter_convs.5.gn.weight - torch.Size([256]): 
The value is the same before and after calling `init_weights` of TOOD  

bbox_head.inter_convs.5.gn.bias - torch.Size([256]): 
The value is the same before and after calling `init_weights` of TOOD  

bbox_head.cls_decomp.layer_attention.0.weight - torch.Size([32, 1536, 1, 1]): 
Initialized by user-defined `init_weights` in TOODHead  

bbox_head.cls_decomp.layer_attention.0.bias - torch.Size([32]): 
Initialized by user-defined `init_weights` in TOODHead  

bbox_head.cls_decomp.layer_attention.2.weight - torch.Size([6, 32, 1, 1]): 
Initialized by user-defined `init_weights` in TOODHead  

bbox_head.cls_decomp.layer_attention.2.bias - torch.Size([6]): 
Initialized by user-defined `init_weights` in TOODHead  

bbox_head.cls_decomp.reduction_conv.conv.weight - torch.Size([256, 1536, 1, 1]): 
Initialized by user-defined `init_weights` in TOODHead  

bbox_head.cls_decomp.reduction_conv.gn.weight - torch.Size([256]): 
The value is the same before and after calling `init_weights` of TOOD  

bbox_head.cls_decomp.reduction_conv.gn.bias - torch.Size([256]): 
The value is the same before and after calling `init_weights` of TOOD  

bbox_head.reg_decomp.layer_attention.0.weight - torch.Size([32, 1536, 1, 1]): 
Initialized by user-defined `init_weights` in TOODHead  

bbox_head.reg_decomp.layer_attention.0.bias - torch.Size([32]): 
Initialized by user-defined `init_weights` in TOODHead  

bbox_head.reg_decomp.layer_attention.2.weight - torch.Size([6, 32, 1, 1]): 
Initialized by user-defined `init_weights` in TOODHead  

bbox_head.reg_decomp.layer_attention.2.bias - torch.Size([6]): 
Initialized by user-defined `init_weights` in TOODHead  

bbox_head.reg_decomp.reduction_conv.conv.weight - torch.Size([256, 1536, 1, 1]): 
Initialized by user-defined `init_weights` in TOODHead  

bbox_head.reg_decomp.reduction_conv.gn.weight - torch.Size([256]): 
The value is the same before and after calling `init_weights` of TOOD  

bbox_head.reg_decomp.reduction_conv.gn.bias - torch.Size([256]): 
The value is the same before and after calling `init_weights` of TOOD  

bbox_head.tood_cls.weight - torch.Size([4, 256, 3, 3]): 
Initialized by user-defined `init_weights` in TOODHead  

bbox_head.tood_cls.bias - torch.Size([4]): 
Initialized by user-defined `init_weights` in TOODHead  

bbox_head.tood_reg.weight - torch.Size([4, 256, 3, 3]): 
Initialized by user-defined `init_weights` in TOODHead  

bbox_head.tood_reg.bias - torch.Size([4]): 
Initialized by user-defined `init_weights` in TOODHead  

bbox_head.cls_prob_module.0.weight - torch.Size([64, 1536, 1, 1]): 
Initialized by user-defined `init_weights` in TOODHead  

bbox_head.cls_prob_module.0.bias - torch.Size([64]): 
Initialized by user-defined `init_weights` in TOODHead  

bbox_head.cls_prob_module.2.weight - torch.Size([1, 64, 3, 3]): 
Initialized by user-defined `init_weights` in TOODHead  

bbox_head.cls_prob_module.2.bias - torch.Size([1]): 
Initialized by user-defined `init_weights` in TOODHead  

bbox_head.reg_offset_module.0.weight - torch.Size([64, 1536, 1, 1]): 
Initialized by user-defined `init_weights` in TOODHead  

bbox_head.reg_offset_module.0.bias - torch.Size([64]): 
Initialized by user-defined `init_weights` in TOODHead  

bbox_head.reg_offset_module.2.weight - torch.Size([8, 64, 3, 3]): 
Initialized by user-defined `init_weights` in TOODHead  

bbox_head.reg_offset_module.2.bias - torch.Size([8]): 
Initialized by user-defined `init_weights` in TOODHead  

bbox_head.scales.0.scale - torch.Size([]): 
The value is the same before and after calling `init_weights` of TOOD  

bbox_head.scales.1.scale - torch.Size([]): 
The value is the same before and after calling `init_weights` of TOOD  

bbox_head.scales.2.scale - torch.Size([]): 
The value is the same before and after calling `init_weights` of TOOD  

bbox_head.scales.3.scale - torch.Size([]): 
The value is the same before and after calling `init_weights` of TOOD  

bbox_head.scales.4.scale - torch.Size([]): 
The value is the same before and after calling `init_weights` of TOOD  
